Flow report for AcornSystem1
Fri Dec 12 15:25:56 2025
Quartus Prime Version 17.0.2 Build 602 07/19/2017 SJ Lite Edition


---------------------
; Table of Contents ;
---------------------
  1. Legal Notice
  2. Flow Summary
  3. Flow Settings
  4. Flow Non-Default Global Settings
  5. Flow Elapsed Time
  6. Flow OS Summary
  7. Flow Log
  8. Flow Messages
  9. Flow Suppressed Messages



----------------
; Legal Notice ;
----------------
Copyright (C) 2017  Intel Corporation. All rights reserved.
Your use of Intel Corporation's design tools, logic functions 
and other software and tools, and its AMPP partner logic 
functions, and any output files from any of the foregoing 
(including device programming or simulation files), and any 
associated documentation or information are expressly subject 
to the terms and conditions of the Intel Program License 
Subscription Agreement, the Intel Quartus Prime License Agreement,
the Intel MegaCore Function License Agreement, or other 
applicable license agreement, including, without limitation, 
that your use is for the sole purpose of programming logic 
devices manufactured by Intel and sold by Intel or its 
authorized distributors.  Please refer to the applicable 
agreement for further details.



+---------------------------------------------------------------------------+
; Flow Summary                                                              ;
+-----------------------------+---------------------------------------------+
; Flow Status                 ; Flow Failed - Fri Dec 12 15:25:56 2025      ;
; Quartus Prime Version       ; 17.0.2 Build 602 07/19/2017 SJ Lite Edition ;
; Revision Name               ; AcornSystem1                                ;
; Top-level Entity Name       ; sys_top                                     ;
; Family                      ; Cyclone V                                   ;
; Device                      ; 5CSEBA6U23I7                                ;
; Timing Models               ; Final                                       ;
; Logic utilization (in ALMs) ; N/A until Partition Merge                   ;
; Total registers             ; N/A until Partition Merge                   ;
; Total pins                  ; N/A until Partition Merge                   ;
; Total virtual pins          ; N/A until Partition Merge                   ;
; Total block memory bits     ; N/A until Partition Merge                   ;
; Total PLLs                  ; N/A until Partition Merge                   ;
; Total DLLs                  ; N/A until Partition Merge                   ;
+-----------------------------+---------------------------------------------+


+-----------------------------------------+
; Flow Settings                           ;
+-------------------+---------------------+
; Option            ; Setting             ;
+-------------------+---------------------+
; Start date & time ; 12/12/2025 15:25:41 ;
; Main task         ; Compilation         ;
; Revision Name     ; AcornSystem1        ;
+-------------------+---------------------+


+-----------------------------------------------------------------------------------------------------------------------------------------------+
; Flow Non-Default Global Settings                                                                                                              ;
+------------------------------------------------------+----------------------------------------+--------------------+-------------+------------+
; Assignment Name                                      ; Value                                  ; Default Value      ; Entity Name ; Section Id ;
+------------------------------------------------------+----------------------------------------+--------------------+-------------+------------+
; ADV_NETLIST_OPT_SYNTH_WYSIWYG_REMAP                  ; On                                     ; Off                ; --          ; --         ;
; AUTO_DELAY_CHAINS_FOR_HIGH_FANOUT_INPUT_PINS         ; On                                     ; Off                ; --          ; --         ;
; COMPILER_SIGNATURE_ID                                ; 91765691751.176554954129856            ; --                 ; --          ; --         ;
; ECO_OPTIMIZE_TIMING                                  ; On                                     ; Off                ; --          ; --         ;
; FINAL_PLACEMENT_OPTIMIZATION                         ; Always                                 ; Automatically      ; --          ; --         ;
; FITTER_EFFORT                                        ; Standard Fit                           ; Auto Fit           ; --          ; --         ;
; MAX_CORE_JUNCTION_TEMP                               ; 100                                    ; --                 ; --          ; --         ;
; MIN_CORE_JUNCTION_TEMP                               ; -40                                    ; --                 ; --          ; --         ;
; MISC_FILE                                            ; sys/pll_hdmi.cmp                       ; --                 ; --          ; --         ;
; MISC_FILE                                            ; sys/pll_audio.cmp                      ; --                 ; --          ; --         ;
; MISC_FILE                                            ; memory_bb.v                            ; --                 ; --          ; --         ;
; MISC_FILE                                            ; monitor_bb.v                           ; --                 ; --          ; --         ;
; MUX_RESTRUCTURE                                      ; On                                     ; Auto               ; --          ; --         ;
; NUM_PARALLEL_PROCESSORS                              ; All                                    ; --                 ; --          ; --         ;
; OPTIMIZATION_MODE                                    ; High Performance Effort                ; Balanced           ; --          ; --         ;
; OPTIMIZATION_TECHNIQUE                               ; Speed                                  ; Balanced           ; --          ; --         ;
; OPTIMIZE_POWER_DURING_FITTING                        ; Off                                    ; Normal compilation ; --          ; --         ;
; PARTITION_COLOR                                      ; -- (Not supported for targeted family) ; --                 ; sys_top     ; Top        ;
; PARTITION_FITTER_PRESERVATION_LEVEL                  ; -- (Not supported for targeted family) ; --                 ; sys_top     ; Top        ;
; PARTITION_NETLIST_TYPE                               ; -- (Not supported for targeted family) ; --                 ; sys_top     ; Top        ;
; PERIPHERY_TO_CORE_PLACEMENT_AND_ROUTING_OPTIMIZATION ; On                                     ; Off                ; --          ; --         ;
; PHYSICAL_SYNTHESIS_ASYNCHRONOUS_SIGNAL_PIPELINING    ; On                                     ; Off                ; --          ; --         ;
; PHYSICAL_SYNTHESIS_COMBO_LOGIC                       ; On                                     ; Off                ; --          ; --         ;
; PHYSICAL_SYNTHESIS_COMBO_LOGIC_FOR_AREA              ; On                                     ; Off                ; --          ; --         ;
; PHYSICAL_SYNTHESIS_REGISTER_DUPLICATION              ; On                                     ; Off                ; --          ; --         ;
; PHYSICAL_SYNTHESIS_REGISTER_RETIMING                 ; On                                     ; Off                ; --          ; --         ;
; PLACEMENT_EFFORT_MULTIPLIER                          ; 4.0                                    ; 1.0                ; --          ; --         ;
; POWER_BOARD_THERMAL_MODEL                            ; None (CONSERVATIVE)                    ; --                 ; --          ; --         ;
; POWER_PRESET_COOLING_SOLUTION                        ; 23 MM HEAT SINK WITH 200 LFPM AIRFLOW  ; --                 ; --          ; --         ;
; PRE_FLOW_SCRIPT_FILE                                 ; quartus_sh:sys/build_id.tcl            ; --                 ; --          ; --         ;
; PRE_MAPPING_RESYNTHESIS                              ; On                                     ; Off                ; --          ; --         ;
; PROJECT_OUTPUT_DIRECTORY                             ; output_files                           ; --                 ; --          ; --         ;
; QII_AUTO_PACKED_REGISTERS                            ; Normal                                 ; Auto               ; --          ; --         ;
; REMOVE_REDUNDANT_LOGIC_CELLS                         ; On                                     ; Off                ; --          ; --         ;
; ROUTER_CLOCKING_TOPOLOGY_ANALYSIS                    ; On                                     ; Off                ; --          ; --         ;
; ROUTER_LCELL_INSERTION_AND_LOGIC_DUPLICATION         ; On                                     ; Auto               ; --          ; --         ;
; ROUTER_TIMING_OPTIMIZATION_LEVEL                     ; MAXIMUM                                ; Normal             ; --          ; --         ;
; SAVE_DISK_SPACE                                      ; Off                                    ; On                 ; --          ; --         ;
; SMART_RECOMPILE                                      ; On                                     ; Off                ; --          ; --         ;
; SYNTHESIS_ONLY_QIP                                   ; On                                     ; --                 ; --          ; --         ;
; SYNTHESIS_ONLY_QIP                                   ; On                                     ; --                 ; --          ; --         ;
; SYNTHESIS_ONLY_QIP                                   ; On                                     ; --                 ; --          ; --         ;
; SYNTH_GATED_CLOCK_CONVERSION                         ; On                                     ; Off                ; --          ; --         ;
; TIMEQUEST_MULTICORNER_ANALYSIS                       ; Off                                    ; On                 ; --          ; --         ;
; TOP_LEVEL_ENTITY                                     ; sys_top                                ; AcornSystem1       ; --          ; --         ;
+------------------------------------------------------+----------------------------------------+--------------------+-------------+------------+


+--------------------------------------------------------------------------------------------------------------------------+
; Flow Elapsed Time                                                                                                        ;
+----------------------+--------------+-------------------------+---------------------+------------------------------------+
; Module Name          ; Elapsed Time ; Average Processors Used ; Peak Virtual Memory ; Total CPU Time (on all processors) ;
+----------------------+--------------+-------------------------+---------------------+------------------------------------+
; Analysis & Synthesis ; 00:00:15     ; 1.0                     ; 997 MB              ; 00:00:38                           ;
; Total                ; 00:00:15     ; --                      ; --                  ; 00:00:38                           ;
+----------------------+--------------+-------------------------+---------------------+------------------------------------+


+----------------------------------------------------------------------------------------+
; Flow OS Summary                                                                        ;
+----------------------+------------------+----------------+------------+----------------+
; Module Name          ; Machine Hostname ; OS Name        ; OS Version ; Processor type ;
+----------------------+------------------+----------------+------------+----------------+
; Analysis & Synthesis ; INTERNET-PC      ; Ubuntu 20.04.6 ; 20         ; x86_64         ;
+----------------------+------------------+----------------+------------+----------------+


------------
; Flow Log ;
------------
quartus_map --read_settings_files=on --write_settings_files=off AcornSystem1 -c AcornSystem1



